# Permanent redirects (suffix unification + missing hash slugs).
# Format: from_path<TAB>to_path
# Consumed by content/build.mjs → pages/_redirects. Do not delete entries.
#
# Lang suffix canon: -jp → -ja, -zh → -cn (tech convention).
# Alias-only content is republished at the canonical slug; these 301s preserve old URLs.
# Ghost aliases (no content file) are NOT listed here — they must 404.

/tech/tech-gs-quant-gs-quant-getting-started-e-8951ea35/	/tech/gs-quant-gs-quant-getting-started-en/
/tech/tech-cloudflare-cloudflare-free-tier-gui-ce91e514/	/tech/cloudflare-cloudflare-free-tier-guide-en/
/tech/tech-github-cdn-global-free-cdn-guide-en-05e44145/	/tech/github-cdn-global-free-cdn-guide-en/
/tech/tech-google-code-wiki-google-code-wiki-g-691cacbb/	/tech/google-code-wiki-google-code-wiki-getting-started-en/
/tech/tech-oraclecloud-oracle-cloud-free-tier--5c0829c3/	/tech/oraclecloud-oracle-cloud-free-tier-guide-en/
/tech/tech-orca-orca-getting-started-bc33b148/	/tech/orca-orca-getting-started/

# --- auto lang-suffix 2026-07-28 ---
/columns/bnbchain-readme-jp/	/columns/bnbchain-readme-ja/
/columns/brain/	/columns/brain-2/
/columns/china-ev-industry-restructuring-analysis-china-ev-industry-restructuring-analysi/	/columns/china-ev-industry-restructuring-analysis-china-ev-industry-restructuring-analysi-2/
/columns/deepseek-v4-deepseek-column-zh/	/columns/deepseek-v4-deepseek-column-cn/
/columns/deepseek-alpha-deepseek-alpha-finance-zh/	/columns/deepseek-alpha-deepseek-alpha-finance-cn/
/tech/agent-friendly-website-guide-agent-friendly-website-guide-zh/	/tech/agent-friendly-website-guide-agent-friendly-website-guide-cn/
/tech/minimax-coding-guide-minimax-coding-guide-zh/	/tech/minimax-coding-guide-minimax-coding-guide-cn/
/tech/minimax-coding-guide-visual-studio-csharp-llm-guide-zh/	/tech/minimax-coding-guide-visual-studio-csharp-llm-guide-cn/
/cti/cti-2026-0320-coruna-zh/	/cti/cti-2026-0320-coruna-cn/
/cti/cti-2026-0422-mcp-jp/	/cti/cti-2026-0422-mcp-ja/
/cti/cti-2026-0507-scarcruft-jp/	/cti/cti-2026-0507-scarcruft-ja/
/cti/cti-2026-0510-lazarus-githooks-jp/	/cti/cti-2026-0510-lazarus-githooks-ja/
/cti/cti-2026-0520-fast16-zh/	/cti/cti-2026-0520-fast16-cn/
/cti/cti-2026-0524-dualthreat-jp/	/cti/cti-2026-0524-dualthreat-ja/
/cti/cti-2026-0526-kimsuky-pebbledash-jp/	/cti/cti-2026-0526-kimsuky-pebbledash-ja/
/cti/cti-2026-0526-uk-russia-crypto-sanctions-zh/	/cti/cti-2026-0526-uk-russia-crypto-sanctions-cn/
/cti/cti-2026-0527-aicryptojack-zh/	/cti/cti-2026-0527-aicryptojack-cn/
/cti/cti-2026-0527-gitea-zh/	/cti/cti-2026-0527-gitea-cn/
/cti/cti-2026-0527-glassworm-zh/	/cti/cti-2026-0527-glassworm-cn/
/cti/cti-2026-0528-kelpdao-zh/	/cti/cti-2026-0528-kelpdao-cn/
/cti/cti-2026-0530-chatgphish-jp/	/cti/cti-2026-0530-chatgphish-ja/
/cti/cti-2026-0530-gogs-jp/	/cti/cti-2026-0530-gogs-ja/
/cti/cti-2026-0530-jinx-jp/	/cti/cti-2026-0530-jinx-ja/
/cti/cti-2026-0530-marimo-jp/	/cti/cti-2026-0530-marimo-ja/
/cti/cti-2026-0601-irangenai-jp/	/cti/cti-2026-0601-irangenai-ja/
/cti/cti-2026-0604-tving-zh/	/cti/cti-2026-0604-tving-cn/
/cti/cti-2026-0604-websphere-zh/	/cti/cti-2026-0604-websphere-cn/
/cti/cti-2026-0628-dprk-ai-jp/	/cti/cti-2026-0628-dprk-ai-ja/
/cti/cti-2026-0720-mofa-knda-jp/	/cti/cti-2026-0720-mofa-knda-ja/
